data/raw/retail_sales_sample.csv
date,store_id,item_id,sales,price,promo,weekday,month
2022-08-25,store_1,item_3,39,82.6,0,3,8
2022-08-26,store_1,item_3,32,82.6,0,4,8
2022-08-27,store_1,item_3,36,66.08,1,5,8
2022-08-28,store_1,item_3,28,82.6,0,6,8
2022-08-29,store_1,item_3,31,82.6,0,0,8
2022-08-30,store_1,item_3,39,82.6,0,1,8
2022-08-31,store_1,item_3,37,82.6,0,2,8
2022-09-01,store_1,item_3,32,82.6,0,3,9
2022-09-02,store_1,item_3,24,82.6,0,4,9
2022-09-03,store_1,item_3,30,82.6,0,5,9
2022-09-04,store_1,item_3,26,82.6,0,6,9
2022-09-05,store_1,item_3,33,82.6,0,0,9
2022-09-06,store_1,item_3,37,82.6,0,1,9
2022-09-07,store_1,item_3,35,82.6,0,2,9
2022-09-08,store_1,item_3,31,82.6,0,3,9
2022-09-09,store_1,item_3,26,82.6,0,4,9
